2026-09-20T07:49:25Z watcher start pid=104216 pipeline_pid=103994 interval=1800s
[status] RESULTS_STATUS.md rewritten (0/26 done, alive=True, done=False)
2026-09-20T07:49:25Z committed: auto: results update 2026-09-20T07:49:25Z (f78f195)
2026-09-20T07:49:26Z push ok
[status] RESULTS_STATUS.md rewritten (2/26 done, alive=True, done=False)
2026-09-20T08:19:26Z committed: auto: results update 2026-09-20T08:19:26Z (572ea2e)
2026-09-20T08:19:27Z push ok
[status] RESULTS_STATUS.md rewritten (6/26 done, alive=True, done=False)
2026-09-20T08:49:27Z committed: auto: results update 2026-09-20T08:49:27Z (64cbd95)
2026-09-20T08:49:29Z push ok
[status] RESULTS_STATUS.md rewritten (8/26 done, alive=True, done=False)
2026-09-20T09:19:29Z committed: auto: results update 2026-09-20T09:19:29Z (232e6c5)
2026-09-20T09:19:30Z push ok
[status] RESULTS_STATUS.md rewritten (11/26 done, alive=True, done=False)
2026-09-20T09:49:30Z committed: auto: results update 2026-09-20T09:49:30Z (e41d7fe)
2026-09-20T09:49:32Z push ok
[status] RESULTS_STATUS.md rewritten (11/26 done, alive=True, done=False)
2026-09-20T10:19:32Z committed: auto: results update 2026-09-20T10:19:32Z (47e4a63)
2026-09-20T10:19:33Z push ok
[status] RESULTS_STATUS.md rewritten (11/26 done, alive=True, done=False)
2026-09-20T10:49:33Z committed: auto: results update 2026-09-20T10:49:33Z (ec9958a)
2026-09-20T10:49:35Z push ok
[status] RESULTS_STATUS.md rewritten (11/26 done, alive=True, done=False)
2026-09-20T11:19:35Z committed: auto: results update 2026-09-20T11:19:35Z (794446b)
2026-09-20T11:19:36Z push ok
[status] RESULTS_STATUS.md rewritten (12/26 done, alive=True, done=False)
2026-09-20T11:49:36Z committed: auto: results update 2026-09-20T11:49:36Z (6ae3ae2)
2026-09-20T11:49:38Z push ok
[status] RESULTS_STATUS.md rewritten (12/26 done, alive=True, done=False)
2026-09-20T12:19:38Z committed: auto: results update 2026-09-20T12:19:38Z (3b16d45)
2026-09-20T12:19:39Z push ok
[status] RESULTS_STATUS.md rewritten (12/26 done, alive=True, done=False)
2026-09-20T12:49:39Z committed: auto: results update 2026-09-20T12:49:39Z (21b0e35)
2026-09-20T12:49:41Z push ok
[status] RESULTS_STATUS.md rewritten (12/26 done, alive=True, done=False)
2026-09-20T13:19:41Z committed: auto: results update 2026-09-20T13:19:41Z (7ba9479)
2026-09-20T13:19:42Z push ok
[status] RESULTS_STATUS.md rewritten (12/26 done, alive=True, done=False)
2026-09-20T13:49:42Z committed: auto: results update 2026-09-20T13:49:42Z (94fbe64)
2026-09-20T13:49:44Z push ok
[status] RESULTS_STATUS.md rewritten (12/26 done, alive=True, done=False)
2026-09-20T14:19:44Z committed: auto: results update 2026-09-20T14:19:44Z (300864b)
2026-09-20T14:19:45Z push ok
[status] RESULTS_STATUS.md rewritten (12/26 done, alive=True, done=False)
2026-09-20T14:49:45Z committed: auto: results update 2026-09-20T14:49:45Z (8337594)
2026-09-20T14:49:47Z push ok
[status] RESULTS_STATUS.md rewritten (12/26 done, alive=True, done=False)
2026-09-20T15:19:47Z committed: auto: results update 2026-09-20T15:19:47Z (49f0026)
2026-09-20T15:19:48Z push ok
[status] RESULTS_STATUS.md rewritten (13/26 done, alive=True, done=False)
2026-09-20T15:49:48Z committed: auto: results update 2026-09-20T15:49:48Z (33db8d5)
2026-09-20T15:49:50Z push ok
[status] RESULTS_STATUS.md rewritten (13/26 done, alive=True, done=False)
2026-09-20T16:19:50Z committed: auto: results update 2026-09-20T16:19:50Z (1f6f0ae)
2026-09-20T16:19:52Z push ok
[status] RESULTS_STATUS.md rewritten (13/26 done, alive=True, done=False)
2026-09-20T16:49:52Z committed: auto: results update 2026-09-20T16:49:52Z (9228e0c)
2026-09-20T16:49:53Z push ok
[status] RESULTS_STATUS.md rewritten (13/26 done, alive=True, done=False)
2026-09-20T17:19:53Z committed: auto: results update 2026-09-20T17:19:53Z (ef67572)
2026-09-20T17:19:55Z push ok
[status] RESULTS_STATUS.md rewritten (13/26 done, alive=True, done=False)
2026-09-20T17:49:55Z committed: auto: results update 2026-09-20T17:49:55Z (f3f0bf5)
2026-09-20T17:49:56Z push ok
[status] RESULTS_STATUS.md rewritten (13/26 done, alive=True, done=False)
2026-09-20T18:19:56Z committed: auto: results update 2026-09-20T18:19:56Z (086920d)
2026-09-20T18:19:58Z push ok
[status] RESULTS_STATUS.md rewritten (13/26 done, alive=True, done=False)
2026-09-20T18:49:58Z committed: auto: results update 2026-09-20T18:49:58Z (80298ff)
2026-09-20T18:49:59Z push ok
[status] RESULTS_STATUS.md rewritten (13/26 done, alive=True, done=False)
2026-09-20T19:19:59Z committed: auto: results update 2026-09-20T19:19:59Z (72872ee)
2026-09-20T19:20:01Z push ok
[status] RESULTS_STATUS.md rewritten (26/26 done, alive=False, done=True)
The following paths are ignored by one of your .gitignore files:
experiments/runs/damusic_paper/ensemble_v2
hint: Use -f if you really want to add them.
hint: Turn this message off by running
hint: "git config advice.addIgnoredFile false"
2026-09-20T19:50:01Z committed: auto: results update 2026-09-20T19:50:01Z (aef62c4)
2026-09-20T19:50:04Z push ok
2026-09-20T19:50:04Z pipeline pid 103994 has exited — final cycle
[status] RESULTS_STATUS.md rewritten (26/26 done, alive=False, done=True)
The following paths are ignored by one of your .gitignore files:
experiments/runs/damusic_paper/ensemble_v2
hint: Use -f if you really want to add them.
hint: Turn this message off by running
hint: "git config advice.addIgnoredFile false"
2026-09-20T19:50:09Z committed: auto: all runs complete (c13d891)
2026-09-20T19:50:10Z push ok
2026-09-20T19:50:10Z watcher exit
2026-09-30T12:45:09Z watcher start pid=3821066 pipeline_pid=3820944 interval=1800s
[status-r2] RESULTS_STATUS.md rewritten (0/17 done, 0 failed, alive=True, done=False)
The following paths are ignored by one of your .gitignore files:
experiments/runs/damusic_paper/ensemble_v2
hint: Use -f if you really want to add them.
hint: Turn this message off by running
hint: "git config advice.addIgnoredFile false"
2026-09-30T12:45:09Z committed: auto: results update 2026-09-30T12:45:09Z (262e06f)
2026-09-30T12:45:11Z push ok
[status-r2] RESULTS_STATUS.md rewritten (0/17 done, 0 failed, alive=True, done=False)
The following paths are ignored by one of your .gitignore files:
experiments/runs/damusic_paper/ensemble_v2
hint: Use -f if you really want to add them.
hint: Turn this message off by running
hint: "git config advice.addIgnoredFile false"
2026-09-30T13:15:11Z committed: auto: results update 2026-09-30T13:15:11Z (2ca439f)
2026-09-30T13:15:13Z push ok
[status-r2] RESULTS_STATUS.md rewritten (0/17 done, 0 failed, alive=True, done=False)
The following paths are ignored by one of your .gitignore files:
experiments/runs/damusic_paper/ensemble_v2
hint: Use -f if you really want to add them.
hint: Turn this message off by running
hint: "git config advice.addIgnoredFile false"
2026-09-30T13:45:13Z committed: auto: results update 2026-09-30T13:45:13Z (922c3d3)
2026-09-30T13:45:14Z push ok
[status-r2] RESULTS_STATUS.md rewritten (0/17 done, 0 failed, alive=True, done=False)
The following paths are ignored by one of your .gitignore files:
experiments/runs/damusic_paper/ensemble_v2
hint: Use -f if you really want to add them.
hint: Turn this message off by running
hint: "git config advice.addIgnoredFile false"
2026-09-30T14:15:14Z committed: auto: results update 2026-09-30T14:15:14Z (2e77eea)
2026-09-30T14:15:16Z push ok
[status-r2] RESULTS_STATUS.md rewritten (0/17 done, 0 failed, alive=True, done=False)
The following paths are ignored by one of your .gitignore files:
experiments/runs/damusic_paper/ensemble_v2
hint: Use -f if you really want to add them.
hint: Turn this message off by running
hint: "git config advice.addIgnoredFile false"
2026-09-30T14:45:16Z committed: auto: results update 2026-09-30T14:45:16Z (701a30a)
2026-09-30T14:45:18Z push ok
[status-r2] RESULTS_STATUS.md rewritten (0/17 done, 0 failed, alive=True, done=False)
The following paths are ignored by one of your .gitignore files:
experiments/runs/damusic_paper/ensemble_v2
hint: Use -f if you really want to add them.
hint: Turn this message off by running
hint: "git config advice.addIgnoredFile false"
2026-09-30T15:15:18Z committed: auto: results update 2026-09-30T15:15:18Z (2e53032)
2026-09-30T15:15:26Z push ok
[status-r2] RESULTS_STATUS.md rewritten (0/17 done, 0 failed, alive=True, done=False)
The following paths are ignored by one of your .gitignore files:
experiments/runs/damusic_paper/ensemble_v2
hint: Use -f if you really want to add them.
hint: Turn this message off by running
hint: "git config advice.addIgnoredFile false"
2026-09-30T15:45:26Z committed: auto: results update 2026-09-30T15:45:26Z (0d7199b)
2026-09-30T15:45:28Z push ok
[status-r2] RESULTS_STATUS.md rewritten (0/17 done, 0 failed, alive=True, done=False)
The following paths are ignored by one of your .gitignore files:
experiments/runs/damusic_paper/ensemble_v2
hint: Use -f if you really want to add them.
hint: Turn this message off by running
hint: "git config advice.addIgnoredFile false"
2026-09-30T16:15:28Z committed: auto: results update 2026-09-30T16:15:28Z (7be475b)
2026-09-30T16:15:30Z push ok
[status-r2] RESULTS_STATUS.md rewritten (0/17 done, 0 failed, alive=True, done=False)
The following paths are ignored by one of your .gitignore files:
experiments/runs/damusic_paper/ensemble_v2
hint: Use -f if you really want to add them.
hint: Turn this message off by running
hint: "git config advice.addIgnoredFile false"
2026-09-30T16:45:30Z committed: auto: results update 2026-09-30T16:45:30Z (4d97fdb)
2026-09-30T16:45:31Z push ok
[status-r2] RESULTS_STATUS.md rewritten (0/17 done, 0 failed, alive=True, done=False)
The following paths are ignored by one of your .gitignore files:
experiments/runs/damusic_paper/ensemble_v2
hint: Use -f if you really want to add them.
hint: Turn this message off by running
hint: "git config advice.addIgnoredFile false"
2026-09-30T17:15:32Z committed: auto: results update 2026-09-30T17:15:31Z (9b2dc00)
2026-09-30T17:15:33Z push ok
[status-r2] RESULTS_STATUS.md rewritten (0/17 done, 0 failed, alive=True, done=False)
The following paths are ignored by one of your .gitignore files:
experiments/runs/damusic_paper/ensemble_v2
hint: Use -f if you really want to add them.
hint: Turn this message off by running
hint: "git config advice.addIgnoredFile false"
2026-09-30T17:45:34Z committed: auto: results update 2026-09-30T17:45:33Z (073bf5a)
2026-09-30T17:45:35Z push ok
[status-r2] RESULTS_STATUS.md rewritten (0/17 done, 0 failed, alive=True, done=False)
The following paths are ignored by one of your .gitignore files:
experiments/runs/damusic_paper/ensemble_v2
hint: Use -f if you really want to add them.
hint: Turn this message off by running
hint: "git config advice.addIgnoredFile false"
2026-09-30T18:15:35Z committed: auto: results update 2026-09-30T18:15:35Z (d228560)
2026-09-30T18:15:37Z push ok
[status-r2] RESULTS_STATUS.md rewritten (0/17 done, 0 failed, alive=True, done=False)
The following paths are ignored by one of your .gitignore files:
experiments/runs/damusic_paper/ensemble_v2
hint: Use -f if you really want to add them.
hint: Turn this message off by running
hint: "git config advice.addIgnoredFile false"
2026-09-30T18:45:37Z committed: auto: results update 2026-09-30T18:45:37Z (acf865c)
2026-09-30T18:45:39Z push ok
[status-r2] RESULTS_STATUS.md rewritten (0/17 done, 0 failed, alive=True, done=False)
The following paths are ignored by one of your .gitignore files:
experiments/runs/damusic_paper/ensemble_v2
hint: Use -f if you really want to add them.
hint: Turn this message off by running
hint: "git config advice.addIgnoredFile false"
2026-09-30T19:15:39Z committed: auto: results update 2026-09-30T19:15:39Z (2d05c2e)
2026-09-30T19:15:41Z push ok
[status-r2] RESULTS_STATUS.md rewritten (0/17 done, 0 failed, alive=True, done=False)
The following paths are ignored by one of your .gitignore files:
experiments/runs/damusic_paper/ensemble_v2
hint: Use -f if you really want to add them.
hint: Turn this message off by running
hint: "git config advice.addIgnoredFile false"
2026-09-30T19:45:41Z committed: auto: results update 2026-09-30T19:45:41Z (e0c8855)
2026-09-30T19:45:42Z push ok
[status-r2] RESULTS_STATUS.md rewritten (0/17 done, 0 failed, alive=True, done=False)
The following paths are ignored by one of your .gitignore files:
experiments/runs/damusic_paper/ensemble_v2
hint: Use -f if you really want to add them.
hint: Turn this message off by running
hint: "git config advice.addIgnoredFile false"
2026-09-30T20:15:42Z committed: auto: results update 2026-09-30T20:15:42Z (83b7288)
2026-09-30T20:15:44Z push ok
[status-r2] RESULTS_STATUS.md rewritten (0/17 done, 0 failed, alive=True, done=False)
The following paths are ignored by one of your .gitignore files:
experiments/runs/damusic_paper/ensemble_v2
hint: Use -f if you really want to add them.
hint: Turn this message off by running
hint: "git config advice.addIgnoredFile false"
2026-09-30T20:45:44Z committed: auto: results update 2026-09-30T20:45:44Z (416ae83)
2026-09-30T20:45:46Z push ok
[status-r2] RESULTS_STATUS.md rewritten (0/17 done, 0 failed, alive=True, done=False)
The following paths are ignored by one of your .gitignore files:
experiments/runs/damusic_paper/ensemble_v2
hint: Use -f if you really want to add them.
hint: Turn this message off by running
hint: "git config advice.addIgnoredFile false"
2026-09-30T21:15:46Z committed: auto: results update 2026-09-30T21:15:46Z (9f62ce2)
2026-09-30T21:15:48Z push ok
[status-r2] RESULTS_STATUS.md rewritten (17/17 done, 0 failed, alive=False, done=True)
The following paths are ignored by one of your .gitignore files:
experiments/runs/damusic_paper/ensemble_v2
hint: Use -f if you really want to add them.
hint: Turn this message off by running
hint: "git config advice.addIgnoredFile false"
2026-09-30T21:45:48Z committed: auto: results update 2026-09-30T21:45:48Z (f6d5da8)
2026-09-30T21:45:51Z push ok
2026-09-30T21:45:51Z pipeline pid 3820944 has exited — final cycle
[status-r2] RESULTS_STATUS.md rewritten (17/17 done, 0 failed, alive=False, done=True)
The following paths are ignored by one of your .gitignore files:
experiments/runs/damusic_paper/ensemble_v2
hint: Use -f if you really want to add them.
hint: Turn this message off by running
hint: "git config advice.addIgnoredFile false"
2026-09-30T21:45:56Z committed: auto: all runs complete (e27a493)
2026-09-30T21:45:58Z push ok
2026-09-30T21:45:58Z watcher exit
2026-10-01T08:51:10Z watcher start pid=3978179 pipeline_pid=3978057 interval=1800s
[status-r2] RESULTS_STATUS.md rewritten (0/18 done, 0 failed, alive=True, done=False)
